test_agreement_missing_mandatory_fields_blocks (test_execution_contract.AgreementSectionCliTests.test_agreement_missing_mandatory_fields_blocks) ... ok
test_duplicate_exact_heading_blocks (test_execution_contract.AgreementSectionCliTests.test_duplicate_exact_heading_blocks) ... ok
test_genuine_absence_still_selects_legacy (test_execution_contract.AgreementSectionCliTests.test_genuine_absence_still_selects_legacy) ... ok
test_near_miss_evidence_requirements_heading_blocks (test_execution_contract.AgreementSectionCliTests.test_near_miss_evidence_requirements_heading_blocks) ... ok
test_near_miss_headings_block_instead_of_selecting_legacy (test_execution_contract.AgreementSectionCliTests.test_near_miss_headings_block_instead_of_selecting_legacy) ... ok
test_out_of_bounds_and_boolean_limits_block (test_execution_contract.AgreementSectionCliTests.test_out_of_bounds_and_boolean_limits_block) ... ok
test_prose_beside_agreement_fence_blocks (test_execution_contract.AgreementSectionCliTests.test_prose_beside_agreement_fence_blocks) ... ok
test_review_only_agreement_ships_at_the_pm_gate (test_execution_contract.AgreementSectionCliTests.test_review_only_agreement_ships_at_the_pm_gate) ... ok
test_unapproved_draft_validates_only_when_well_formed (test_execution_contract.AgreementSectionCliTests.test_unapproved_draft_validates_only_when_well_formed) ... ok
test_unclosed_fence_blocks (test_execution_contract.AgreementSectionCliTests.test_unclosed_fence_blocks) ... ok
test_unknown_key_action_and_policy_block (test_execution_contract.AgreementSectionCliTests.test_unknown_key_action_and_policy_block) ... ok
test_extra_failed_channel_needs_scoped_exception (test_execution_contract.ExtraChannelCliTests.test_extra_failed_channel_needs_scoped_exception) ... ok
test_extra_self_evaluated_channel_blocks (test_execution_contract.ExtraChannelCliTests.test_extra_self_evaluated_channel_blocks) ... ok
test_extra_self_evaluated_channel_never_excepted (test_execution_contract.ExtraChannelCliTests.test_extra_self_evaluated_channel_never_excepted) ... ok
test_extra_stale_revision_channel_blocks (test_execution_contract.ExtraChannelCliTests.test_extra_stale_revision_channel_blocks) ... ok
test_extra_valid_passing_channel_still_ships (test_execution_contract.ExtraChannelCliTests.test_extra_valid_passing_channel_still_ships) ... ok
test_legacy_record_supplied_channels_are_still_checked (test_execution_contract.ExtraChannelCliTests.test_legacy_record_supplied_channels_are_still_checked) ... ok
test_vendored_copy_is_byte_identical (test_execution_contract.ContractParityTests.test_vendored_copy_is_byte_identical) ... ok
test_cli_blocks_adopted_autonomy_intent_without_requirements (test_pm_evidence_channels.EvidenceChannelCliTests.test_cli_blocks_adopted_autonomy_intent_without_requirements) ... ok
test_cli_blocks_duplicate_keys_in_record (test_pm_evidence_channels.EvidenceChannelCliTests.test_cli_blocks_duplicate_keys_in_record) ... ok
test_cli_blocks_duplicate_keys_in_requirements_block (test_pm_evidence_channels.EvidenceChannelCliTests.test_cli_blocks_duplicate_keys_in_requirements_block) ... ok
test_cli_blocks_malformed_agreement (test_pm_evidence_channels.EvidenceChannelCliTests.test_cli_blocks_malformed_agreement) ... ok
test_cli_blocks_record_that_omits_ui_requirements (test_pm_evidence_channels.EvidenceChannelCliTests.test_cli_blocks_record_that_omits_ui_requirements) ... ok
test_cli_legacy_intent_without_blocks_retains_behavior (test_pm_evidence_channels.EvidenceChannelCliTests.test_cli_legacy_intent_without_blocks_retains_behavior) ... ok
test_cli_matching_requirements_ship (test_pm_evidence_channels.EvidenceChannelCliTests.test_cli_matching_requirements_ship) ... ok
test_cli_unapproved_template_agreement_needs_no_requirements (test_pm_evidence_channels.EvidenceChannelCliTests.test_cli_unapproved_template_agreement_needs_no_requirements) ... ok
test_all_required_independent_channels_yield_readiness (test_pm_evidence_channels.EvidenceChannelVerdictTests.test_all_required_independent_channels_yield_readiness) ... ok
test_channel_entry_missing_fields_blocks (test_pm_evidence_channels.EvidenceChannelVerdictTests.test_channel_entry_missing_fields_blocks) ... ok
test_code_pass_with_failed_ui_channel_blocks (test_pm_evidence_channels.EvidenceChannelVerdictTests.test_code_pass_with_failed_ui_channel_blocks) ... ok
test_code_pass_with_missing_ui_channel_blocks (test_pm_evidence_channels.EvidenceChannelVerdictTests.test_code_pass_with_missing_ui_channel_blocks) ... ok
test_legacy_record_without_requirements_keeps_current_behavior (test_pm_evidence_channels.EvidenceChannelVerdictTests.test_legacy_record_without_requirements_keeps_current_behavior) ... ok
test_malformed_requirements_fail_closed (test_pm_evidence_channels.EvidenceChannelVerdictTests.test_malformed_requirements_fail_closed) ... ok
test_missing_required_channel_with_scoped_exception_is_qualified (test_pm_evidence_channels.EvidenceChannelVerdictTests.test_missing_required_channel_with_scoped_exception_is_qualified) ... ok
test_pixels_pass_state_failure_blocks (test_pm_evidence_channels.EvidenceChannelVerdictTests.test_pixels_pass_state_failure_blocks) ... ok
test_scoped_exception_qualifies_but_never_ships_unqualified (test_pm_evidence_channels.EvidenceChannelVerdictTests.test_scoped_exception_qualifies_but_never_ships_unqualified) ... ok
test_self_evaluation_on_a_channel_blocks_even_with_exception (test_pm_evidence_channels.EvidenceChannelVerdictTests.test_self_evaluation_on_a_channel_blocks_even_with_exception) ... ok
test_unknown_supplied_channel_name_blocks (test_pm_evidence_channels.EvidenceChannelVerdictTests.test_unknown_supplied_channel_name_blocks) ... ok
test_wrong_channel_revision_blocks (test_pm_evidence_channels.EvidenceChannelVerdictTests.test_wrong_channel_revision_blocks) ... ok
test_canonical_headings_still_ship (test_review_boundary_variants.HeadingWhitespaceVariants.test_canonical_headings_still_ship) ... ok
test_legacy_intent_without_policy_sections_still_ships (test_review_boundary_variants.HeadingWhitespaceVariants.test_legacy_intent_without_policy_sections_still_ships) ... ok
test_topic_titles_mentioning_the_labels_stay_legacy (test_review_boundary_variants.HeadingWhitespaceVariants.test_topic_titles_mentioning_the_labels_stay_legacy) ... ok
test_whitespace_inside_agreement_label_fails_closed (test_review_boundary_variants.HeadingWhitespaceVariants.test_whitespace_inside_agreement_label_fails_closed) ... ok
test_whitespace_inside_requirements_label_fails_closed (test_review_boundary_variants.HeadingWhitespaceVariants.test_whitespace_inside_requirements_label_fails_closed) ... ok
test_distinct_scalar_identities_still_ship (test_review_boundary_variants.IdentityScalarVariants.test_distinct_scalar_identities_still_ship) ... ok
test_nonscalar_channel_evaluator_blocks (test_review_boundary_variants.IdentityScalarVariants.test_nonscalar_channel_evaluator_blocks) ... ok
test_nonscalar_check_evaluator_blocks (test_review_boundary_variants.IdentityScalarVariants.test_nonscalar_check_evaluator_blocks) ... ok
test_nonscalar_implementer_blocks (test_review_boundary_variants.IdentityScalarVariants.test_nonscalar_implementer_blocks) ... ok

----------------------------------------------------------------------
Ran 47 tests in 3.453s

OK
