test_canonical_headings_still_ship (test_review_boundary_variants.HeadingWhitespaceVariants.test_canonical_headings_still_ship) ... ok
test_legacy_intent_without_policy_sections_still_ships (test_review_boundary_variants.HeadingWhitespaceVariants.test_legacy_intent_without_policy_sections_still_ships) ... ok
test_topic_titles_mentioning_the_labels_stay_legacy (test_review_boundary_variants.HeadingWhitespaceVariants.test_topic_titles_mentioning_the_labels_stay_legacy) ... ok
test_whitespace_inside_agreement_label_fails_closed (test_review_boundary_variants.HeadingWhitespaceVariants.test_whitespace_inside_agreement_label_fails_closed) ... 
  test_whitespace_inside_agreement_label_fails_closed (test_review_boundary_variants.HeadingWhitespaceVariants.test_whitespace_inside_agreement_label_fails_closed) (spacing="'\\xa0'") ... FAIL
  test_whitespace_inside_agreement_label_fails_closed (test_review_boundary_variants.HeadingWhitespaceVariants.test_whitespace_inside_agreement_label_fails_closed) (spacing="'\\u2002'") ... FAIL
  test_whitespace_inside_agreement_label_fails_closed (test_review_boundary_variants.HeadingWhitespaceVariants.test_whitespace_inside_agreement_label_fails_closed) (spacing="'\\u3000'") ... FAIL
test_whitespace_inside_requirements_label_fails_closed (test_review_boundary_variants.HeadingWhitespaceVariants.test_whitespace_inside_requirements_label_fails_closed) ... 
  test_whitespace_inside_requirements_label_fails_closed (test_review_boundary_variants.HeadingWhitespaceVariants.test_whitespace_inside_requirements_label_fails_closed) (spacing="'\\xa0'") ... FAIL
  test_whitespace_inside_requirements_label_fails_closed (test_review_boundary_variants.HeadingWhitespaceVariants.test_whitespace_inside_requirements_label_fails_closed) (spacing="'\\u2002'") ... FAIL
  test_whitespace_inside_requirements_label_fails_closed (test_review_boundary_variants.HeadingWhitespaceVariants.test_whitespace_inside_requirements_label_fails_closed) (spacing="'\\u3000'") ... FAIL
test_distinct_scalar_identities_still_ship (test_review_boundary_variants.IdentityScalarVariants.test_distinct_scalar_identities_still_ship) ... ok
test_nonscalar_channel_evaluator_blocks (test_review_boundary_variants.IdentityScalarVariants.test_nonscalar_channel_evaluator_blocks) ... ok
test_nonscalar_check_evaluator_blocks (test_review_boundary_variants.IdentityScalarVariants.test_nonscalar_check_evaluator_blocks) ... ok
test_nonscalar_implementer_blocks (test_review_boundary_variants.IdentityScalarVariants.test_nonscalar_implementer_blocks) ... ok

======================================================================
FAIL: test_whitespace_inside_agreement_label_fails_closed (test_review_boundary_variants.HeadingWhitespaceVariants.test_whitespace_inside_agreement_label_fails_closed) (spacing="'\\xa0'")
----------------------------------------------------------------------
Traceback (most recent call last):
  File "/Users/joe/Agentic-Mini/_Core/_Plugins/dc-dev-plugins/tests/test_review_boundary_variants.py", line 50, in test_whitespace_inside_agreement_label_fails_closed
    self.assertEqual(result.returncode, 2, result.stdout + result.stderr)
    ~~~~~~~~~~~~~~~~^^^^^^^^^^^^^^^^^^^^^^^^^^^^^^^^^^^^^^^^^^^^^^^^^^^^^
AssertionError: 0 != 2 : {"status": "shipped", "record": "/var/folders/3c/cpqfrqys0yxb9fcq40_cwvk00000gn/T/tmpvyffhf8h/record.json", "verified": "record completeness and revision/identity consistency; not evidence authenticity or deployment"}


======================================================================
FAIL: test_whitespace_inside_agreement_label_fails_closed (test_review_boundary_variants.HeadingWhitespaceVariants.test_whitespace_inside_agreement_label_fails_closed) (spacing="'\\u2002'")
----------------------------------------------------------------------
Traceback (most recent call last):
  File "/Users/joe/Agentic-Mini/_Core/_Plugins/dc-dev-plugins/tests/test_review_boundary_variants.py", line 50, in test_whitespace_inside_agreement_label_fails_closed
    self.assertEqual(result.returncode, 2, result.stdout + result.stderr)
    ~~~~~~~~~~~~~~~~^^^^^^^^^^^^^^^^^^^^^^^^^^^^^^^^^^^^^^^^^^^^^^^^^^^^^
AssertionError: 0 != 2 : {"status": "shipped", "record": "/var/folders/3c/cpqfrqys0yxb9fcq40_cwvk00000gn/T/tmpasvq0p0e/record.json", "verified": "record completeness and revision/identity consistency; not evidence authenticity or deployment"}


======================================================================
FAIL: test_whitespace_inside_agreement_label_fails_closed (test_review_boundary_variants.HeadingWhitespaceVariants.test_whitespace_inside_agreement_label_fails_closed) (spacing="'\\u3000'")
----------------------------------------------------------------------
Traceback (most recent call last):
  File "/Users/joe/Agentic-Mini/_Core/_Plugins/dc-dev-plugins/tests/test_review_boundary_variants.py", line 50, in test_whitespace_inside_agreement_label_fails_closed
    self.assertEqual(result.returncode, 2, result.stdout + result.stderr)
    ~~~~~~~~~~~~~~~~^^^^^^^^^^^^^^^^^^^^^^^^^^^^^^^^^^^^^^^^^^^^^^^^^^^^^
AssertionError: 0 != 2 : {"status": "shipped", "record": "/var/folders/3c/cpqfrqys0yxb9fcq40_cwvk00000gn/T/tmprx4be_ye/record.json", "verified": "record completeness and revision/identity consistency; not evidence authenticity or deployment"}


======================================================================
FAIL: test_whitespace_inside_requirements_label_fails_closed (test_review_boundary_variants.HeadingWhitespaceVariants.test_whitespace_inside_requirements_label_fails_closed) (spacing="'\\xa0'")
----------------------------------------------------------------------
Traceback (most recent call last):
  File "/Users/joe/Agentic-Mini/_Core/_Plugins/dc-dev-plugins/tests/test_review_boundary_variants.py", line 61, in test_whitespace_inside_requirements_label_fails_closed
    self.assertEqual(result.returncode, 2, result.stdout + result.stderr)
    ~~~~~~~~~~~~~~~~^^^^^^^^^^^^^^^^^^^^^^^^^^^^^^^^^^^^^^^^^^^^^^^^^^^^^
AssertionError: 0 != 2 : {"status": "shipped", "record": "/var/folders/3c/cpqfrqys0yxb9fcq40_cwvk00000gn/T/tmpoi3ksh_w/record.json", "verified": "record completeness and revision/identity consistency; not evidence authenticity or deployment"}


======================================================================
FAIL: test_whitespace_inside_requirements_label_fails_closed (test_review_boundary_variants.HeadingWhitespaceVariants.test_whitespace_inside_requirements_label_fails_closed) (spacing="'\\u2002'")
----------------------------------------------------------------------
Traceback (most recent call last):
  File "/Users/joe/Agentic-Mini/_Core/_Plugins/dc-dev-plugins/tests/test_review_boundary_variants.py", line 61, in test_whitespace_inside_requirements_label_fails_closed
    self.assertEqual(result.returncode, 2, result.stdout + result.stderr)
    ~~~~~~~~~~~~~~~~^^^^^^^^^^^^^^^^^^^^^^^^^^^^^^^^^^^^^^^^^^^^^^^^^^^^^
AssertionError: 0 != 2 : {"status": "shipped", "record": "/var/folders/3c/cpqfrqys0yxb9fcq40_cwvk00000gn/T/tmpbt9jixff/record.json", "verified": "record completeness and revision/identity consistency; not evidence authenticity or deployment"}


======================================================================
FAIL: test_whitespace_inside_requirements_label_fails_closed (test_review_boundary_variants.HeadingWhitespaceVariants.test_whitespace_inside_requirements_label_fails_closed) (spacing="'\\u3000'")
----------------------------------------------------------------------
Traceback (most recent call last):
  File "/Users/joe/Agentic-Mini/_Core/_Plugins/dc-dev-plugins/tests/test_review_boundary_variants.py", line 61, in test_whitespace_inside_requirements_label_fails_closed
    self.assertEqual(result.returncode, 2, result.stdout + result.stderr)
    ~~~~~~~~~~~~~~~~^^^^^^^^^^^^^^^^^^^^^^^^^^^^^^^^^^^^^^^^^^^^^^^^^^^^^
AssertionError: 0 != 2 : {"status": "shipped", "record": "/var/folders/3c/cpqfrqys0yxb9fcq40_cwvk00000gn/T/tmp3xo66ly_/record.json", "verified": "record completeness and revision/identity consistency; not evidence authenticity or deployment"}


----------------------------------------------------------------------
Ran 9 tests in 1.582s

FAILED (failures=6)
